version https://git-lfs.github.com/spec/v1
oid sha256:bb34fd94d2cdbdf6e9a3498943c506258d15ac2507fe0a1defd51fbfdf5238a5
size 438141
